Archive member included because of file (symbol)

c:/winavr-20100110/bin/../lib/gcc/avr/4.3.3/avr5\libgcc.a(_udivmodsi4.o)
                              ./UART/UART.o (__udivmodsi4)
c:/winavr-20100110/bin/../lib/gcc/avr/4.3.3/avr5\libgcc.a(_exit.o)
                              c:/winavr-20100110/bin/../lib/gcc/avr/4.3.3/../../../../avr/lib/avr5/crtm32.o (exit)
c:/winavr-20100110/bin/../lib/gcc/avr/4.3.3/avr5\libgcc.a(_copy_data.o)
                              ./SWITCH/SWITCH.o (__do_copy_data)
c:/winavr-20100110/bin/../lib/gcc/avr/4.3.3/avr5\libgcc.a(_clear_bss.o)
                              ./UART/UART.o (__do_clear_bss)

Allocating common symbols
Common symbol       size              file

x                   0x14              ./APP/APP.o
GPS_STATES          0x1               ./SCHEDULER/SCHEDULER.o

Memory Configuration

Name             Origin             Length             Attributes
text             0x00000000         0x00020000         xr
data             0x00800060         0x0000ffa0         rw !x
eeprom           0x00810000         0x00010000         rw !x
fuse             0x00820000         0x00000400         rw !x
lock             0x00830000         0x00000400         rw !x
signature        0x00840000         0x00000400         rw !x
*default*        0x00000000         0xffffffff

Linker script and memory map

LOAD c:/winavr-20100110/bin/../lib/gcc/avr/4.3.3/../../../../avr/lib/avr5/crtm32.o
LOAD ./UART/UART.o
LOAD ./TIMER/TIMER.o
LOAD ./SWITCH/SWITCH.o
LOAD ./SCHEDULER/SCHEDULER.o
LOAD ./LCD/LCD.o
LOAD ./GSM/GSM.o
LOAD ./GPS/GPS.o
LOAD ./DIO/DIO.o
LOAD ./APP/APP.o
LOAD ./ADC/ADC.o
LOAD ./main.o
LOAD c:/winavr-20100110/bin/../lib/gcc/avr/4.3.3/avr5\libgcc.a
LOAD c:/winavr-20100110/bin/../lib/gcc/avr/4.3.3/../../../../avr/lib/avr5\libc.a
LOAD c:/winavr-20100110/bin/../lib/gcc/avr/4.3.3/avr5\libgcc.a

.hash
 *(.hash)

.dynsym
 *(.dynsym)

.dynstr
 *(.dynstr)

.gnu.version
 *(.gnu.version)

.gnu.version_d
 *(.gnu.version_d)

.gnu.version_r
 *(.gnu.version_r)

.rel.init
 *(.rel.init)

.rela.init
 *(.rela.init)

.rel.text
 *(.rel.text)
 *(.rel.text.*)
 *(.rel.gnu.linkonce.t*)

.rela.text
 *(.rela.text)
 *(.rela.text.*)
 *(.rela.gnu.linkonce.t*)

.rel.fini
 *(.rel.fini)

.rela.fini
 *(.rela.fini)

.rel.rodata
 *(.rel.rodata)
 *(.rel.rodata.*)
 *(.rel.gnu.linkonce.r*)

.rela.rodata
 *(.rela.rodata)
 *(.rela.rodata.*)
 *(.rela.gnu.linkonce.r*)

.rel.data
 *(.rel.data)
 *(.rel.data.*)
 *(.rel.gnu.linkonce.d*)

.rela.data
 *(.rela.data)
 *(.rela.data.*)
 *(.rela.gnu.linkonce.d*)

.rel.ctors
 *(.rel.ctors)

.rela.ctors
 *(.rela.ctors)

.rel.dtors
 *(.rel.dtors)

.rela.dtors
 *(.rela.dtors)

.rel.got
 *(.rel.got)

.rela.got
 *(.rela.got)

.rel.bss
 *(.rel.bss)

.rela.bss
 *(.rela.bss)

.rel.plt
 *(.rel.plt)

.rela.plt
 *(.rela.plt)

.text           0x00000000     0x13fc
 *(.vectors)
 .vectors       0x00000000       0x54 c:/winavr-20100110/bin/../lib/gcc/avr/4.3.3/../../../../avr/lib/avr5/crtm32.o
                0x00000000                __vectors
                0x00000000                __vector_default
 *(.vectors)
 *(.progmem.gcc*)
 *(.progmem*)
                0x00000054                . = ALIGN (0x2)
                0x00000054                __trampolines_start = .
 *(.trampolines)
 .trampolines   0x00000054        0x0 linker stubs
 *(.trampolines*)
                0x00000054                __trampolines_end = .
 *(.jumptables)
 *(.jumptables*)
 *(.lowtext)
 *(.lowtext*)
                0x00000054                __ctors_start = .
 *(.ctors)
                0x00000054                __ctors_end = .
                0x00000054                __dtors_start = .
 *(.dtors)
                0x00000054                __dtors_end = .
 SORT(*)(.ctors)
 SORT(*)(.dtors)
 *(.init0)
 .init0         0x00000054        0x0 c:/winavr-20100110/bin/../lib/gcc/avr/4.3.3/../../../../avr/lib/avr5/crtm32.o
                0x00000054                __init
 *(.init0)
 *(.init1)
 *(.init1)
 *(.init2)
 .init2         0x00000054        0xc c:/winavr-20100110/bin/../lib/gcc/avr/4.3.3/../../../../avr/lib/avr5/crtm32.o
 *(.init2)
 *(.init3)
 *(.init3)
 *(.init4)
 .init4         0x00000060       0x16 c:/winavr-20100110/bin/../lib/gcc/avr/4.3.3/avr5\libgcc.a(_copy_data.o)
                0x00000060                __do_copy_data
 .init4         0x00000076       0x10 c:/winavr-20100110/bin/../lib/gcc/avr/4.3.3/avr5\libgcc.a(_clear_bss.o)
                0x00000076                __do_clear_bss
 *(.init4)
 *(.init5)
 *(.init5)
 *(.init6)
 *(.init6)
 *(.init7)
 *(.init7)
 *(.init8)
 *(.init8)
 *(.init9)
 .init9         0x00000086        0x8 c:/winavr-20100110/bin/../lib/gcc/avr/4.3.3/../../../../avr/lib/avr5/crtm32.o
 *(.init9)
 *(.text)
 .text          0x0000008e        0x4 c:/winavr-20100110/bin/../lib/gcc/avr/4.3.3/../../../../avr/lib/avr5/crtm32.o
                0x0000008e                __vector_1
                0x0000008e                __vector_12
                0x0000008e                __bad_interrupt
                0x0000008e                __vector_6
                0x0000008e                __vector_3
                0x0000008e                __vector_11
                0x0000008e                __vector_13
                0x0000008e                __vector_17
                0x0000008e                __vector_19
                0x0000008e                __vector_7
                0x0000008e                __vector_5
                0x0000008e                __vector_4
                0x0000008e                __vector_9
                0x0000008e                __vector_2
                0x0000008e                __vector_15
                0x0000008e                __vector_8
                0x0000008e                __vector_14
                0x0000008e                __vector_16
                0x0000008e                __vector_18
                0x0000008e                __vector_20
 .text          0x00000092        0x0 ./UART/UART.o
 .text          0x00000092        0x0 ./TIMER/TIMER.o
 .text          0x00000092        0x0 ./SWITCH/SWITCH.o
 .text          0x00000092        0x0 ./SCHEDULER/SCHEDULER.o
 .text          0x00000092        0x0 ./LCD/LCD.o
 .text          0x00000092        0x0 ./GSM/GSM.o
 .text          0x00000092        0x0 ./GPS/GPS.o
 .text          0x00000092        0x0 ./DIO/DIO.o
 .text          0x00000092        0x0 ./APP/APP.o
 .text          0x00000092        0x0 ./ADC/ADC.o
 .text          0x00000092        0x0 ./main.o
 .text          0x00000092        0x0 c:/winavr-20100110/bin/../lib/gcc/avr/4.3.3/avr5\libgcc.a(_udivmodsi4.o)
 .text          0x00000092        0x0 c:/winavr-20100110/bin/../lib/gcc/avr/4.3.3/avr5\libgcc.a(_exit.o)
 .text          0x00000092        0x0 c:/winavr-20100110/bin/../lib/gcc/avr/4.3.3/avr5\libgcc.a(_copy_data.o)
 .text          0x00000092        0x0 c:/winavr-20100110/bin/../lib/gcc/avr/4.3.3/avr5\libgcc.a(_clear_bss.o)
                0x00000092                . = ALIGN (0x2)
 *(.text.*)
 .text.UART_vidInit
                0x00000092       0x20 ./UART/UART.o
                0x00000092                UART_vidInit
 .text.UART_vidSendChar
                0x000000b2        0x8 ./UART/UART.o
                0x000000b2                UART_vidSendChar
 .text.UART_u8RecieveChar
                0x000000ba        0x8 ./UART/UART.o
                0x000000ba                UART_u8RecieveChar
 .text.UART_u8DataReady
                0x000000c2        0x6 ./UART/UART.o
                0x000000c2                UART_u8DataReady
 .text.UART_u8GetUdr
                0x000000c8        0x4 ./UART/UART.o
                0x000000c8                UART_u8GetUdr
 .text.UART_vidSendString
                0x000000cc       0x18 ./UART/UART.o
                0x000000cc                UART_vidSendString
 .text.UART_vidSendStringConfirmed
                0x000000e4       0x26 ./UART/UART.o
                0x000000e4                UART_vidSendStringConfirmed
 .text.UART_vidRecieveString
                0x0000010a       0x42 ./UART/UART.o
                0x0000010a                UART_vidRecieveString
 .text._Debug   0x0000014c       0x3e ./UART/UART.o
                0x0000014c                _Debug
 .text._Debug_value
                0x0000018a      0x12c ./UART/UART.o
                0x0000018a                _Debug_value
 .text.updatetime
                0x000002b6       0x28 ./TIMER/TIMER.o
                0x000002b6                updatetime
 .text.millis   0x000002de       0x12 ./TIMER/TIMER.o
                0x000002de                millis
 .text._wait    0x000002f0       0x3a ./TIMER/TIMER.o
                0x000002f0                _wait
 .text.TIMER_vidInit
                0x0000032a        0xe ./TIMER/TIMER.o
                0x0000032a                TIMER_vidInit
 .text._delay_ms
                0x00000338       0x3e ./TIMER/TIMER.o
                0x00000338                _delay_ms
 .text.SW_u8Read
                0x00000376        0xc ./SWITCH/SWITCH.o
                0x00000376                SW_u8Read
 .text.SW_vidTask
                0x00000382       0xf0 ./SWITCH/SWITCH.o
                0x00000382                SW_vidTask
 .text.SW_vidInit
                0x00000472       0x22 ./SWITCH/SWITCH.o
                0x00000472                SW_vidInit
 .text.SCHEDULER_vidInit
                0x00000494       0x32 ./SCHEDULER/SCHEDULER.o
                0x00000494                SCHEDULER_vidInit
 .text.LCD_vidGotoXY
                0x000004c6        0xa ./LCD/LCD.o
                0x000004c6                LCD_vidGotoXY
 .text.LCD_vidWrite
                0x000004d0       0x62 ./LCD/LCD.o
                0x000004d0                LCD_vidWrite
 .text.LCD_vidInit
                0x00000532        0x8 ./LCD/LCD.o
                0x00000532                LCD_vidInit
 .text.LCD_vidString
                0x0000053a       0x26 ./LCD/LCD.o
                0x0000053a                LCD_vidString
 .text.LCD_vidClear
                0x00000560       0x42 ./LCD/LCD.o
                0x00000560                LCD_vidClear
 .text.LCD_u8WriteCommand
                0x000005a2      0x16a ./LCD/LCD.o
 .text.LCD_vidTask
                0x0000070c      0x2f0 ./LCD/LCD.o
                0x0000070c                LCD_vidTask
 .text.Str_Compare
                0x000009fc       0x3e ./GSM/GSM.o
 .text.GSM_vidSelect
                0x00000a3a        0xa ./GSM/GSM.o
                0x00000a3a                GSM_vidSelect
 .text.GSM_vidRecieveString
                0x00000a44       0x4e ./GSM/GSM.o
 .text.GSMsend_to_modem
                0x00000a92       0x58 ./GSM/GSM.o
                0x00000a92                GSMsend_to_modem
 .text.GSM_vidSendSMS
                0x00000aea      0x130 ./GSM/GSM.o
                0x00000aea                GSM_vidSendSMS
 .text.GSM_u8Init
                0x00000c1a       0x86 ./GSM/GSM.o
                0x00000c1a                GSM_u8Init
 .text.GPS_u8GetData
                0x00000ca0       0x24 ./GPS/GPS.o
                0x00000ca0                GPS_u8GetData
 .text.GPS_u8GetTime
                0x00000cc4       0x26 ./GPS/GPS.o
                0x00000cc4                GPS_u8GetTime
 .text.GPS_u8GetLat
                0x00000cea       0x16 ./GPS/GPS.o
                0x00000cea                GPS_u8GetLat
 .text.GPS_u8GetLon
                0x00000d00       0x16 ./GPS/GPS.o
                0x00000d00                GPS_u8GetLon
 .text.GPS_GetStatus
                0x00000d16        0x6 ./GPS/GPS.o
                0x00000d16                GPS_GetStatus
 .text.GPS_vidUpdate
                0x00000d1c        0x6 ./GPS/GPS.o
                0x00000d1c                GPS_vidUpdate
 .text.GPS_vidSelect
                0x00000d22        0xa ./GPS/GPS.o
                0x00000d22                GPS_vidSelect
 .text.GPS_vidDisAttach
                0x00000d2c        0x6 ./GPS/GPS.o
                0x00000d2c                GPS_vidDisAttach
 .text.GPS_vidTask
                0x00000d32      0x150 ./GPS/GPS.o
                0x00000d32                GPS_vidTask
 .text.GPS_READ
                0x00000e82       0x3a ./GPS/GPS.o
                0x00000e82                GPS_READ
 .text.GPS_vidInit
                0x00000ebc       0x1e ./GPS/GPS.o
                0x00000ebc                GPS_vidInit
 .text.DIO_vidInit
                0x00000eda        0x2 ./DIO/DIO.o
                0x00000eda                DIO_vidInit
 .text.DIO_u8SetPinDir
                0x00000edc      0x182 ./DIO/DIO.o
                0x00000edc                DIO_u8SetPinDir
 .text.DIO_u8WritePin
                0x0000105e      0x106 ./DIO/DIO.o
                0x0000105e                DIO_u8WritePin
 .text.DIO_u8ReadPin
                0x00001164       0x42 ./DIO/DIO.o
                0x00001164                DIO_u8ReadPin
 .text.__vector_10
                0x000011a6       0x52 ./APP/APP.o
                0x000011a6                __vector_10
 .text.main     0x000011f8      0x146 ./APP/APP.o
                0x000011f8                main
 .text.ADC_vidInit
                0x0000133e        0xe ./ADC/ADC.o
                0x0000133e                ADC_vidInit
 .text.ADC_Select
                0x0000134c        0xa ./ADC/ADC.o
                0x0000134c                ADC_Select
 .text.ADC_vidStartConversion
                0x00001356        0x4 ./ADC/ADC.o
                0x00001356                ADC_vidStartConversion
 .text.ADC_u8ConvFinshed
                0x0000135a        0x8 ./ADC/ADC.o
                0x0000135a                ADC_u8ConvFinshed
 .text.ADC_u16GetData
                0x00001362       0x22 ./ADC/ADC.o
                0x00001362                ADC_u16GetData
 .text.ADC_u16Read
                0x00001384       0x30 ./ADC/ADC.o
                0x00001384                ADC_u16Read
 .text.libgcc   0x000013b4       0x44 c:/winavr-20100110/bin/../lib/gcc/avr/4.3.3/avr5\libgcc.a(_udivmodsi4.o)
                0x000013b4                __udivmodsi4
 .text.libgcc   0x000013f8        0x0 c:/winavr-20100110/bin/../lib/gcc/avr/4.3.3/avr5\libgcc.a(_exit.o)
 .text.libgcc   0x000013f8        0x0 c:/winavr-20100110/bin/../lib/gcc/avr/4.3.3/avr5\libgcc.a(_copy_data.o)
 .text.libgcc   0x000013f8        0x0 c:/winavr-20100110/bin/../lib/gcc/avr/4.3.3/avr5\libgcc.a(_clear_bss.o)
                0x000013f8                . = ALIGN (0x2)
 *(.fini9)
 .fini9         0x000013f8        0x0 c:/winavr-20100110/bin/../lib/gcc/avr/4.3.3/avr5\libgcc.a(_exit.o)
                0x000013f8                exit
                0x000013f8                _exit
 *(.fini9)
 *(.fini8)
 *(.fini8)
 *(.fini7)
 *(.fini7)
 *(.fini6)
 *(.fini6)
 *(.fini5)
 *(.fini5)
 *(.fini4)
 *(.fini4)
 *(.fini3)
 *(.fini3)
 *(.fini2)
 *(.fini2)
 *(.fini1)
 *(.fini1)
 *(.fini0)
 .fini0         0x000013f8        0x4 c:/winavr-20100110/bin/../lib/gcc/avr/4.3.3/avr5\libgcc.a(_exit.o)
 *(.fini0)
                0x000013fc                _etext = .

.data           0x00800060       0x82 load address 0x000013fc
                0x00800060                PROVIDE (__data_start, .)
 *(.data)
 .data          0x00800060        0x0 c:/winavr-20100110/bin/../lib/gcc/avr/4.3.3/../../../../avr/lib/avr5/crtm32.o
 .data          0x00800060        0x0 ./UART/UART.o
 .data          0x00800060        0x0 ./TIMER/TIMER.o
 .data          0x00800060        0x0 ./SWITCH/SWITCH.o
 .data          0x00800060        0x0 ./SCHEDULER/SCHEDULER.o
 .data          0x00800060        0x0 ./LCD/LCD.o
 .data          0x00800060       0x14 ./GSM/GSM.o
 .data          0x00800074        0x0 ./GPS/GPS.o
 .data          0x00800074        0x0 ./DIO/DIO.o
 .data          0x00800074       0x27 ./APP/APP.o
 .data          0x0080009b        0x0 ./ADC/ADC.o
 .data          0x0080009b        0x0 ./main.o
 .data          0x0080009b        0x0 c:/winavr-20100110/bin/../lib/gcc/avr/4.3.3/avr5\libgcc.a(_udivmodsi4.o)
 .data          0x0080009b        0x0 c:/winavr-20100110/bin/../lib/gcc/avr/4.3.3/avr5\libgcc.a(_exit.o)
 .data          0x0080009b        0x0 c:/winavr-20100110/bin/../lib/gcc/avr/4.3.3/avr5\libgcc.a(_copy_data.o)
 .data          0x0080009b        0x0 c:/winavr-20100110/bin/../lib/gcc/avr/4.3.3/avr5\libgcc.a(_clear_bss.o)
 *(.data*)
 .data.LCD_LINE
                0x0080009b       0x22 ./LCD/LCD.o
 .data.Text_Mode
                0x008000bd        0xb ./GSM/GSM.o
 .data.OK       0x008000c8        0x5 ./GSM/GSM.o
 .data.AT       0x008000cd        0x4 ./GSM/GSM.o
 .data.fun      0x008000d1        0x4 ./APP/APP.o
                0x008000d1                fun
 *(.rodata)
 *(.rodata*)
 .rodata.PBN    0x008000d5        0x4 ./SWITCH/SWITCH.o
 .rodata.GPGGA.1291
                0x008000d9        0x8 ./GPS/GPS.o
 *(.gnu.linkonce.d*)
                0x008000e2                . = ALIGN (0x2)
 *fill*         0x008000e1        0x1 00
                0x008000e2                _edata = .
                0x008000e2                PROVIDE (__data_end, .)

.bss            0x008000e2       0x68
                0x008000e2                PROVIDE (__bss_start, .)
 *(.bss)
 .bss           0x008000e2        0x0 c:/winavr-20100110/bin/../lib/gcc/avr/4.3.3/../../../../avr/lib/avr5/crtm32.o
 .bss           0x008000e2        0x0 ./UART/UART.o
 .bss           0x008000e2        0x0 ./TIMER/TIMER.o
 .bss           0x008000e2        0x0 ./SWITCH/SWITCH.o
 .bss           0x008000e2        0x0 ./SCHEDULER/SCHEDULER.o
 .bss           0x008000e2        0x0 ./LCD/LCD.o
 .bss           0x008000e2        0x0 ./GSM/GSM.o
 .bss           0x008000e2        0x0 ./GPS/GPS.o
 .bss           0x008000e2        0x0 ./DIO/DIO.o
 .bss           0x008000e2        0x0 ./APP/APP.o
 .bss           0x008000e2        0x0 ./ADC/ADC.o
 .bss           0x008000e2        0x0 ./main.o
 .bss           0x008000e2        0x0 c:/winavr-20100110/bin/../lib/gcc/avr/4.3.3/avr5\libgcc.a(_udivmodsi4.o)
 .bss           0x008000e2        0x0 c:/winavr-20100110/bin/../lib/gcc/avr/4.3.3/avr5\libgcc.a(_exit.o)
 .bss           0x008000e2        0x0 c:/winavr-20100110/bin/../lib/gcc/avr/4.3.3/avr5\libgcc.a(_copy_data.o)
 .bss           0x008000e2        0x0 c:/winavr-20100110/bin/../lib/gcc/avr/4.3.3/avr5\libgcc.a(_clear_bss.o)
 *(.bss*)
 .bss.UART_INIT
                0x008000e2        0x1 ./UART/UART.o
 .bss.d         0x008000e3        0x4 ./TIMER/TIMER.o
 .bss.time      0x008000e7        0x4 ./TIMER/TIMER.o
 .bss.PBN_state
                0x008000eb        0x4 ./SWITCH/SWITCH.o
 .bss.u8i.1270  0x008000ef        0x1 ./SWITCH/SWITCH.o
 .bss.counter.1269
                0x008000f0        0x4 ./SWITCH/SWITCH.o
 .bss.Task      0x008000f4        0x8 ./SCHEDULER/SCHEDULER.o
 .bss.u8x       0x008000fc        0x1 ./LCD/LCD.o
 .bss.u8y       0x008000fd        0x1 ./LCD/LCD.o
 .bss.u8LCDState
                0x008000fe        0x1 ./LCD/LCD.o
 .bss.LCDy.1375
                0x008000ff        0x1 ./LCD/LCD.o
 .bss.LCDx.1374
                0x00800100        0x1 ./LCD/LCD.o
 .bss.u8LCDinittime.1301
                0x00800101        0x1 ./LCD/LCD.o
 .bss.u8LCD_init_state.1300
                0x00800102        0x1 ./LCD/LCD.o
 .bss.LCD_Command_State.1265
                0x00800103        0x1 ./LCD/LCD.o
 .bss.u8LCDwritetime.1264
                0x00800104        0x1 ./LCD/LCD.o
 .bss.LCD_Data_State.1328
                0x00800105        0x1 ./LCD/LCD.o
 .bss.u8LCDdatatime.1327
                0x00800106        0x1 ./LCD/LCD.o
 .bss.GPS_Status
                0x00800107        0x1 ./GPS/GPS.o
 .bss.u8Counter.1290
                0x00800108        0x1 ./GPS/GPS.o
 .bss.u8State.1289
                0x00800109        0x1 ./GPS/GPS.o
 .bss.Data      0x0080010a       0x2b ./GPS/GPS.o
 *(COMMON)
 COMMON         0x00800135        0x1 ./SCHEDULER/SCHEDULER.o
                0x00800135                GPS_STATES
 COMMON         0x00800136       0x14 ./APP/APP.o
                0x00800136                x
                0x0080014a                PROVIDE (__bss_end, .)
                0x000013fc                __data_load_start = LOADADDR (.data)
                0x0000147e                __data_load_end = (__data_load_start + SIZEOF (.data))

.noinit         0x0080014a        0x0
                0x0080014a                PROVIDE (__noinit_start, .)
 *(.noinit*)
                0x0080014a                PROVIDE (__noinit_end, .)
                0x0080014a                _end = .
                0x0080014a                PROVIDE (__heap_start, .)

.eeprom         0x00810000        0x0
 *(.eeprom*)
                0x00810000                __eeprom_end = .

.fuse
 *(.fuse)
 *(.lfuse)
 *(.hfuse)
 *(.efuse)

.lock
 *(.lock*)

.signature
 *(.signature*)

.stab
 *(.stab)

.stabstr
 *(.stabstr)

.stab.excl
 *(.stab.excl)

.stab.exclstr
 *(.stab.exclstr)

.stab.index
 *(.stab.index)

.stab.indexstr
 *(.stab.indexstr)

.comment
 *(.comment)

.debug
 *(.debug)

.line
 *(.line)

.debug_srcinfo
 *(.debug_srcinfo)

.debug_sfnames
 *(.debug_sfnames)

.debug_aranges
 *(.debug_aranges)

.debug_pubnames
 *(.debug_pubnames)

.debug_info
 *(.debug_info)
 *(.gnu.linkonce.wi.*)

.debug_abbrev
 *(.debug_abbrev)

.debug_line
 *(.debug_line)

.debug_frame
 *(.debug_frame)

.debug_str
 *(.debug_str)

.debug_loc
 *(.debug_loc)

.debug_macinfo
 *(.debug_macinfo)
OUTPUT(FinalProject.elf elf32-avr)
LOAD linker stubs
