Archive member included because of file (symbol)

c:/winavr-20100110/bin/../lib/gcc/avr/4.3.3/avr5\libgcc.a(_mulsi3.o)
                              ./TEMP_SENSOR/TEMP_SENSOR.o (__mulsi3)
c:/winavr-20100110/bin/../lib/gcc/avr/4.3.3/avr5\libgcc.a(_udivmodhi4.o)
                              ./TEMP_SENSOR/TEMP_SENSOR.o (__udivmodhi4)
c:/winavr-20100110/bin/../lib/gcc/avr/4.3.3/avr5\libgcc.a(_udivmodsi4.o)
                              ./UART/UART.o (__udivmodsi4)
c:/winavr-20100110/bin/../lib/gcc/avr/4.3.3/avr5\libgcc.a(_exit.o)
                              c:/winavr-20100110/bin/../lib/gcc/avr/4.3.3/../../../../avr/lib/avr5/crtm32.o (exit)
c:/winavr-20100110/bin/../lib/gcc/avr/4.3.3/avr5\libgcc.a(_copy_data.o)
                              ./SWITCH/SWITCH.o (__do_copy_data)
c:/winavr-20100110/bin/../lib/gcc/avr/4.3.3/avr5\libgcc.a(_clear_bss.o)
                              ./UART/UART.o (__do_clear_bss)

Allocating common symbols
Common symbol       size              file

GPS_STATES          0x1               ./SCHEDULER/SCHEDULER.o

Memory Configuration

Name             Origin             Length             Attributes
text             0x00000000         0x00020000         xr
data             0x00800060         0x0000ffa0         rw !x
eeprom           0x00810000         0x00010000         rw !x
fuse             0x00820000         0x00000400         rw !x
lock             0x00830000         0x00000400         rw !x
signature        0x00840000         0x00000400         rw !x
*default*        0x00000000         0xffffffff

Linker script and memory map

LOAD c:/winavr-20100110/bin/../lib/gcc/avr/4.3.3/../../../../avr/lib/avr5/crtm32.o
LOAD ./UART/UART.o
LOAD ./TIMER/TIMER.o
LOAD ./TEMP_SENSOR/TEMP_SENSOR.o
LOAD ./SWITCH/SWITCH.o
LOAD ./SCHEDULER/SCHEDULER.o
LOAD ./LCD/LCD.o
LOAD ./GSM/GSM.o
LOAD ./GPS/GPS.o
LOAD ./DIO/DIO.o
LOAD ./APP/APP.o
LOAD ./ADC/ADC.o
LOAD ./main.o
LOAD c:/winavr-20100110/bin/../lib/gcc/avr/4.3.3/avr5\libgcc.a
LOAD c:/winavr-20100110/bin/../lib/gcc/avr/4.3.3/../../../../avr/lib/avr5\libc.a
LOAD c:/winavr-20100110/bin/../lib/gcc/avr/4.3.3/avr5\libgcc.a

.hash
 *(.hash)

.dynsym
 *(.dynsym)

.dynstr
 *(.dynstr)

.gnu.version
 *(.gnu.version)

.gnu.version_d
 *(.gnu.version_d)

.gnu.version_r
 *(.gnu.version_r)

.rel.init
 *(.rel.init)

.rela.init
 *(.rela.init)

.rel.text
 *(.rel.text)
 *(.rel.text.*)
 *(.rel.gnu.linkonce.t*)

.rela.text
 *(.rela.text)
 *(.rela.text.*)
 *(.rela.gnu.linkonce.t*)

.rel.fini
 *(.rel.fini)

.rela.fini
 *(.rela.fini)

.rel.rodata
 *(.rel.rodata)
 *(.rel.rodata.*)
 *(.rel.gnu.linkonce.r*)

.rela.rodata
 *(.rela.rodata)
 *(.rela.rodata.*)
 *(.rela.gnu.linkonce.r*)

.rel.data
 *(.rel.data)
 *(.rel.data.*)
 *(.rel.gnu.linkonce.d*)

.rela.data
 *(.rela.data)
 *(.rela.data.*)
 *(.rela.gnu.linkonce.d*)

.rel.ctors
 *(.rel.ctors)

.rela.ctors
 *(.rela.ctors)

.rel.dtors
 *(.rel.dtors)

.rela.dtors
 *(.rela.dtors)

.rel.got
 *(.rel.got)

.rela.got
 *(.rela.got)

.rel.bss
 *(.rel.bss)

.rela.bss
 *(.rela.bss)

.rel.plt
 *(.rel.plt)

.rela.plt
 *(.rela.plt)

.text           0x00000000     0x2890
 *(.vectors)
 .vectors       0x00000000       0x54 c:/winavr-20100110/bin/../lib/gcc/avr/4.3.3/../../../../avr/lib/avr5/crtm32.o
                0x00000000                __vectors
                0x00000000                __vector_default
 *(.vectors)
 *(.progmem.gcc*)
 *(.progmem*)
                0x00000054                . = ALIGN (0x2)
                0x00000054                __trampolines_start = .
 *(.trampolines)
 .trampolines   0x00000054        0x0 linker stubs
 *(.trampolines*)
                0x00000054                __trampolines_end = .
 *(.jumptables)
 *(.jumptables*)
 *(.lowtext)
 *(.lowtext*)
                0x00000054                __ctors_start = .
 *(.ctors)
                0x00000054                __ctors_end = .
                0x00000054                __dtors_start = .
 *(.dtors)
                0x00000054                __dtors_end = .
 SORT(*)(.ctors)
 SORT(*)(.dtors)
 *(.init0)
 .init0         0x00000054        0x0 c:/winavr-20100110/bin/../lib/gcc/avr/4.3.3/../../../../avr/lib/avr5/crtm32.o
                0x00000054                __init
 *(.init0)
 *(.init1)
 *(.init1)
 *(.init2)
 .init2         0x00000054        0xc c:/winavr-20100110/bin/../lib/gcc/avr/4.3.3/../../../../avr/lib/avr5/crtm32.o
 *(.init2)
 *(.init3)
 *(.init3)
 *(.init4)
 .init4         0x00000060       0x16 c:/winavr-20100110/bin/../lib/gcc/avr/4.3.3/avr5\libgcc.a(_copy_data.o)
                0x00000060                __do_copy_data
 .init4         0x00000076       0x10 c:/winavr-20100110/bin/../lib/gcc/avr/4.3.3/avr5\libgcc.a(_clear_bss.o)
                0x00000076                __do_clear_bss
 *(.init4)
 *(.init5)
 *(.init5)
 *(.init6)
 *(.init6)
 *(.init7)
 *(.init7)
 *(.init8)
 *(.init8)
 *(.init9)
 .init9         0x00000086        0x8 c:/winavr-20100110/bin/../lib/gcc/avr/4.3.3/../../../../avr/lib/avr5/crtm32.o
 *(.init9)
 *(.text)
 .text          0x0000008e        0x4 c:/winavr-20100110/bin/../lib/gcc/avr/4.3.3/../../../../avr/lib/avr5/crtm32.o
                0x0000008e                __vector_1
                0x0000008e                __vector_12
                0x0000008e                __bad_interrupt
                0x0000008e                __vector_6
                0x0000008e                __vector_3
                0x0000008e                __vector_11
                0x0000008e                __vector_13
                0x0000008e                __vector_17
                0x0000008e                __vector_19
                0x0000008e                __vector_7
                0x0000008e                __vector_5
                0x0000008e                __vector_4
                0x0000008e                __vector_9
                0x0000008e                __vector_2
                0x0000008e                __vector_15
                0x0000008e                __vector_8
                0x0000008e                __vector_14
                0x0000008e                __vector_16
                0x0000008e                __vector_18
                0x0000008e                __vector_20
 .text          0x00000092        0x0 ./UART/UART.o
 .text          0x00000092        0x0 ./TIMER/TIMER.o
 .text          0x00000092        0x0 ./TEMP_SENSOR/TEMP_SENSOR.o
 .text          0x00000092        0x0 ./SWITCH/SWITCH.o
 .text          0x00000092        0x0 ./SCHEDULER/SCHEDULER.o
 .text          0x00000092        0x0 ./LCD/LCD.o
 .text          0x00000092        0x0 ./GSM/GSM.o
 .text          0x00000092        0x0 ./GPS/GPS.o
 .text          0x00000092        0x0 ./DIO/DIO.o
 .text          0x00000092        0x0 ./APP/APP.o
 .text          0x00000092        0x0 ./ADC/ADC.o
 .text          0x00000092        0x0 ./main.o
 .text          0x00000092        0x0 c:/winavr-20100110/bin/../lib/gcc/avr/4.3.3/avr5\libgcc.a(_mulsi3.o)
 .text          0x00000092        0x0 c:/winavr-20100110/bin/../lib/gcc/avr/4.3.3/avr5\libgcc.a(_udivmodhi4.o)
 .text          0x00000092        0x0 c:/winavr-20100110/bin/../lib/gcc/avr/4.3.3/avr5\libgcc.a(_udivmodsi4.o)
 .text          0x00000092        0x0 c:/winavr-20100110/bin/../lib/gcc/avr/4.3.3/avr5\libgcc.a(_exit.o)
 .text          0x00000092        0x0 c:/winavr-20100110/bin/../lib/gcc/avr/4.3.3/avr5\libgcc.a(_copy_data.o)
 .text          0x00000092        0x0 c:/winavr-20100110/bin/../lib/gcc/avr/4.3.3/avr5\libgcc.a(_clear_bss.o)
                0x00000092                . = ALIGN (0x2)
 *(.text.*)
 .text.UART_vidInit
                0x00000092       0x58 ./UART/UART.o
                0x00000092                UART_vidInit
 .text.UART_vidSendChar
                0x000000ea       0x2e ./UART/UART.o
                0x000000ea                UART_vidSendChar
 .text.UART_u8RecieveChar
                0x00000118       0x1e ./UART/UART.o
                0x00000118                UART_u8RecieveChar
 .text.UART_u8DataReady
                0x00000136       0x16 ./UART/UART.o
                0x00000136                UART_u8DataReady
 .text.UART_u8GetUdr
                0x0000014c       0x14 ./UART/UART.o
                0x0000014c                UART_u8GetUdr
 .text.UART_vidSendString
                0x00000160       0x48 ./UART/UART.o
                0x00000160                UART_vidSendString
 .text.UART_vidSendStringConfirmed
                0x000001a8       0x5e ./UART/UART.o
                0x000001a8                UART_vidSendStringConfirmed
 .text.UART_vidRecieveString
                0x00000206       0xb0 ./UART/UART.o
                0x00000206                UART_vidRecieveString
 .text._Debug   0x000002b6       0x62 ./UART/UART.o
                0x000002b6                _Debug
 .text._Debug_value
                0x00000318      0x16c ./UART/UART.o
                0x00000318                _Debug_value
 .text.updatetime
                0x00000484       0x40 ./TIMER/TIMER.o
                0x00000484                updatetime
 .text.millis   0x000004c4       0x36 ./TIMER/TIMER.o
                0x000004c4                millis
 .text._wait    0x000004fa       0x58 ./TIMER/TIMER.o
                0x000004fa                _wait
 .text.TIMER_vidInit
                0x00000552       0x26 ./TIMER/TIMER.o
                0x00000552                TIMER_vidInit
 .text._delay_ms
                0x00000578       0xc8 ./TIMER/TIMER.o
                0x00000578                _delay_ms
 .text.TEMP_SENSOR_vidInit
                0x00000640       0x1e ./TEMP_SENSOR/TEMP_SENSOR.o
                0x00000640                TEMP_SENSOR_vidInit
 .text.TEMP_SENSOR_u16GetData
                0x0000065e       0xda ./TEMP_SENSOR/TEMP_SENSOR.o
                0x0000065e                TEMP_SENSOR_u16GetData
 .text.SW_vidFlag
                0x00000738       0x36 ./SWITCH/SWITCH.o
                0x00000738                SW_vidFlag
 .text.SW_vidInit
                0x0000076e       0x36 ./SWITCH/SWITCH.o
                0x0000076e                SW_vidInit
 .text.SW_vidTask
                0x000007a4      0x1da ./SWITCH/SWITCH.o
                0x000007a4                SW_vidTask
 .text.SW_u8Read
                0x0000097e       0x22 ./SWITCH/SWITCH.o
                0x0000097e                SW_u8Read
 .text.SCHEDULER_vidInit
                0x000009a0       0x48 ./SCHEDULER/SCHEDULER.o
                0x000009a0                SCHEDULER_vidInit
 .text.LCD_u8WriteCommand
                0x000009e8      0x25a ./LCD/LCD.o
 .text.LCD_u8Init
                0x00000c42      0x222 ./LCD/LCD.o
 .text.LCD_u8WriteData
                0x00000e64      0x1b4 ./LCD/LCD.o
 .text.LCD_u8GotoXY
                0x00001018       0x54 ./LCD/LCD.o
 .text.LCD_vidTask
                0x0000106c      0x116 ./LCD/LCD.o
                0x0000106c                LCD_vidTask
 .text.LCD_vidGotoXY
                0x00001182       0x24 ./LCD/LCD.o
                0x00001182                LCD_vidGotoXY
 .text.LCD_vidWrite
                0x000011a6       0x90 ./LCD/LCD.o
                0x000011a6                LCD_vidWrite
 .text.LCD_vidInit
                0x00001236       0x14 ./LCD/LCD.o
                0x00001236                LCD_vidInit
 .text.LCD_vidString
                0x0000124a       0x68 ./LCD/LCD.o
                0x0000124a                LCD_vidString
 .text.LCD_vidClear
                0x000012b2       0x68 ./LCD/LCD.o
                0x000012b2                LCD_vidClear
 .text.Str_Compare
                0x0000131a       0xb2 ./GSM/GSM.o
 .text.GSM_vidRecieveString
                0x000013cc       0xd2 ./GSM/GSM.o
 .text.GSMsend_to_modem
                0x0000149e       0xae ./GSM/GSM.o
                0x0000149e                GSMsend_to_modem
 .text.GSM_vidInit
                0x0000154c       0x2e ./GSM/GSM.o
                0x0000154c                GSM_vidInit
 .text.GSM_u8Startup
                0x0000157a       0x64 ./GSM/GSM.o
                0x0000157a                GSM_u8Startup
 .text.GSM_vidSendSMS
                0x000015de      0x1aa ./GSM/GSM.o
                0x000015de                GSM_vidSendSMS
 .text.GSM_vidSelect
                0x00001788       0x16 ./GSM/GSM.o
                0x00001788                GSM_vidSelect
 .text.GPS_vidInit
                0x0000179e       0x2a ./GPS/GPS.o
                0x0000179e                GPS_vidInit
 .text.GPS_vidTask
                0x000017c8      0x26c ./GPS/GPS.o
                0x000017c8                GPS_vidTask
 .text.GPS_u8GetData
                0x00001a34       0x7c ./GPS/GPS.o
                0x00001a34                GPS_u8GetData
 .text.GPS_u8GetTime
                0x00001ab0       0x50 ./GPS/GPS.o
                0x00001ab0                GPS_u8GetTime
 .text.GPS_u8GetLat
                0x00001b00       0x50 ./GPS/GPS.o
                0x00001b00                GPS_u8GetLat
 .text.GPS_u8GetLon
                0x00001b50       0x50 ./GPS/GPS.o
                0x00001b50                GPS_u8GetLon
 .text.GPS_GetStatus
                0x00001ba0       0x12 ./GPS/GPS.o
                0x00001ba0                GPS_GetStatus
 .text.GPS_vidUpdate
                0x00001bb2       0x12 ./GPS/GPS.o
                0x00001bb2                GPS_vidUpdate
 .text.GPS_READ
                0x00001bc4       0x84 ./GPS/GPS.o
                0x00001bc4                GPS_READ
 .text.GPS_vidDisAttach
                0x00001c48       0x12 ./GPS/GPS.o
                0x00001c48                GPS_vidDisAttach
 .text.GPS_vidSelect
                0x00001c5a       0x16 ./GPS/GPS.o
                0x00001c5a                GPS_vidSelect
 .text.DIO_vidInit
                0x00001c70        0xe ./DIO/DIO.o
                0x00001c70                DIO_vidInit
 .text.DIO_u8SetPinDir
                0x00001c7e      0x338 ./DIO/DIO.o
                0x00001c7e                DIO_u8SetPinDir
 .text.DIO_u8WritePin
                0x00001fb6      0x1e0 ./DIO/DIO.o
                0x00001fb6                DIO_u8WritePin
 .text.DIO_u8ReadPin
                0x00002196      0x116 ./DIO/DIO.o
                0x00002196                DIO_u8ReadPin
 .text.str_concat
                0x000022ac       0xa6 ./APP/APP.o
 .text.APP_send
                0x00002352      0x144 ./APP/APP.o
 .text.main     0x00002496      0x1e6 ./APP/APP.o
                0x00002496                main
 .text.__vector_10
                0x0000267c       0x58 ./APP/APP.o
                0x0000267c                __vector_10
 .text.ADC_vidInit
                0x000026d4       0x2a ./ADC/ADC.o
                0x000026d4                ADC_vidInit
 .text.ADC_Select
                0x000026fe       0x28 ./ADC/ADC.o
                0x000026fe                ADC_Select
 .text.ADC_vidStartConversion
                0x00002726       0x1c ./ADC/ADC.o
                0x00002726                ADC_vidStartConversion
 .text.ADC_u8ConvFinshed
                0x00002742       0x1a ./ADC/ADC.o
                0x00002742                ADC_u8ConvFinshed
 .text.ADC_u16GetData
                0x0000275c       0x5c ./ADC/ADC.o
                0x0000275c                ADC_u16GetData
 .text.ADC_u16Read
                0x000027b8       0x2a ./ADC/ADC.o
                0x000027b8                ADC_u16Read
 .text.libgcc   0x000027e2       0x3e c:/winavr-20100110/bin/../lib/gcc/avr/4.3.3/avr5\libgcc.a(_mulsi3.o)
                0x000027e2                __mulsi3
 .text.libgcc   0x00002820       0x28 c:/winavr-20100110/bin/../lib/gcc/avr/4.3.3/avr5\libgcc.a(_udivmodhi4.o)
                0x00002820                __udivmodhi4
 .text.libgcc   0x00002848       0x44 c:/winavr-20100110/bin/../lib/gcc/avr/4.3.3/avr5\libgcc.a(_udivmodsi4.o)
                0x00002848                __udivmodsi4
 .text.libgcc   0x0000288c        0x0 c:/winavr-20100110/bin/../lib/gcc/avr/4.3.3/avr5\libgcc.a(_exit.o)
 .text.libgcc   0x0000288c        0x0 c:/winavr-20100110/bin/../lib/gcc/avr/4.3.3/avr5\libgcc.a(_copy_data.o)
 .text.libgcc   0x0000288c        0x0 c:/winavr-20100110/bin/../lib/gcc/avr/4.3.3/avr5\libgcc.a(_clear_bss.o)
                0x0000288c                . = ALIGN (0x2)
 *(.fini9)
 .fini9         0x0000288c        0x0 c:/winavr-20100110/bin/../lib/gcc/avr/4.3.3/avr5\libgcc.a(_exit.o)
                0x0000288c                exit
                0x0000288c                _exit
 *(.fini9)
 *(.fini8)
 *(.fini8)
 *(.fini7)
 *(.fini7)
 *(.fini6)
 *(.fini6)
 *(.fini5)
 *(.fini5)
 *(.fini4)
 *(.fini4)
 *(.fini3)
 *(.fini3)
 *(.fini2)
 *(.fini2)
 *(.fini1)
 *(.fini1)
 *(.fini0)
 .fini0         0x0000288c        0x4 c:/winavr-20100110/bin/../lib/gcc/avr/4.3.3/avr5\libgcc.a(_exit.o)
 *(.fini0)
                0x00002890                _etext = .

.data           0x00800060      0x120 load address 0x00002890
                0x00800060                PROVIDE (__data_start, .)
 *(.data)
 .data          0x00800060        0x0 c:/winavr-20100110/bin/../lib/gcc/avr/4.3.3/../../../../avr/lib/avr5/crtm32.o
 .data          0x00800060        0x0 ./UART/UART.o
 .data          0x00800060        0x0 ./TIMER/TIMER.o
 .data          0x00800060        0x0 ./TEMP_SENSOR/TEMP_SENSOR.o
 .data          0x00800060        0x0 ./SWITCH/SWITCH.o
 .data          0x00800060        0x0 ./SCHEDULER/SCHEDULER.o
 .data          0x00800060        0x0 ./LCD/LCD.o
 .data          0x00800060       0x14 ./GSM/GSM.o
 .data          0x00800074        0x0 ./GPS/GPS.o
 .data          0x00800074        0x0 ./DIO/DIO.o
 .data          0x00800074       0x84 ./APP/APP.o
 .data          0x008000f8        0x0 ./ADC/ADC.o
 .data          0x008000f8        0x0 ./main.o
 .data          0x008000f8        0x0 c:/winavr-20100110/bin/../lib/gcc/avr/4.3.3/avr5\libgcc.a(_mulsi3.o)
 .data          0x008000f8        0x0 c:/winavr-20100110/bin/../lib/gcc/avr/4.3.3/avr5\libgcc.a(_udivmodhi4.o)
 .data          0x008000f8        0x0 c:/winavr-20100110/bin/../lib/gcc/avr/4.3.3/avr5\libgcc.a(_udivmodsi4.o)
 .data          0x008000f8        0x0 c:/winavr-20100110/bin/../lib/gcc/avr/4.3.3/avr5\libgcc.a(_exit.o)
 .data          0x008000f8        0x0 c:/winavr-20100110/bin/../lib/gcc/avr/4.3.3/avr5\libgcc.a(_copy_data.o)
 .data          0x008000f8        0x0 c:/winavr-20100110/bin/../lib/gcc/avr/4.3.3/avr5\libgcc.a(_clear_bss.o)
 *(.data*)
 .data.PBN      0x008000f8        0x3 ./SWITCH/SWITCH.o
 .data.PBN_state
                0x008000fb        0x3 ./SWITCH/SWITCH.o
 .data.LCD_LINE
                0x008000fe       0x22 ./LCD/LCD.o
 .data.AT       0x00800120        0x4 ./GSM/GSM.o
 .data.OK       0x00800124        0x5 ./GSM/GSM.o
 .data.Text_Mode
                0x00800129        0xb ./GSM/GSM.o
 .data.Terminator
                0x00800134        0x1 ./GSM/GSM.o
 .data.GPGGA.1291
                0x00800135        0x8 ./GPS/GPS.o
 .data.mobile_number
                0x0080013d        0xf ./APP/APP.o
                0x0080013d                mobile_number
 .data.x        0x0080014c       0x2f ./APP/APP.o
                0x0080014c                x
 .data.fun      0x0080017b        0x4 ./APP/APP.o
                0x0080017b                fun
 *(.rodata)
 *(.rodata*)
 *(.gnu.linkonce.d*)
                0x00800180                . = ALIGN (0x2)
 *fill*         0x0080017f        0x1 00
                0x00800180                _edata = .
                0x00800180                PROVIDE (__data_end, .)

.bss            0x00800180       0x87
                0x00800180                PROVIDE (__bss_start, .)
 *(.bss)
 .bss           0x00800180        0x0 c:/winavr-20100110/bin/../lib/gcc/avr/4.3.3/../../../../avr/lib/avr5/crtm32.o
 .bss           0x00800180        0x0 ./UART/UART.o
 .bss           0x00800180        0x0 ./TIMER/TIMER.o
 .bss           0x00800180        0x0 ./TEMP_SENSOR/TEMP_SENSOR.o
 .bss           0x00800180        0x0 ./SWITCH/SWITCH.o
 .bss           0x00800180        0x0 ./SCHEDULER/SCHEDULER.o
 .bss           0x00800180        0x0 ./LCD/LCD.o
 .bss           0x00800180        0x0 ./GSM/GSM.o
 .bss           0x00800180        0x0 ./GPS/GPS.o
 .bss           0x00800180        0x0 ./DIO/DIO.o
 .bss           0x00800180        0x0 ./APP/APP.o
 .bss           0x00800180        0x0 ./ADC/ADC.o
 .bss           0x00800180        0x0 ./main.o
 .bss           0x00800180        0x0 c:/winavr-20100110/bin/../lib/gcc/avr/4.3.3/avr5\libgcc.a(_mulsi3.o)
 .bss           0x00800180        0x0 c:/winavr-20100110/bin/../lib/gcc/avr/4.3.3/avr5\libgcc.a(_udivmodhi4.o)
 .bss           0x00800180        0x0 c:/winavr-20100110/bin/../lib/gcc/avr/4.3.3/avr5\libgcc.a(_udivmodsi4.o)
 .bss           0x00800180        0x0 c:/winavr-20100110/bin/../lib/gcc/avr/4.3.3/avr5\libgcc.a(_exit.o)
 .bss           0x00800180        0x0 c:/winavr-20100110/bin/../lib/gcc/avr/4.3.3/avr5\libgcc.a(_copy_data.o)
 .bss           0x00800180        0x0 c:/winavr-20100110/bin/../lib/gcc/avr/4.3.3/avr5\libgcc.a(_clear_bss.o)
 *(.bss*)
 .bss.UART_INIT
                0x00800180        0x1 ./UART/UART.o
 .bss.time      0x00800181        0x4 ./TIMER/TIMER.o
 .bss.d         0x00800185        0x4 ./TIMER/TIMER.o
 .bss.u8i.1277  0x00800189        0x1 ./SWITCH/SWITCH.o
 .bss.counter.1276
                0x0080018a        0x3 ./SWITCH/SWITCH.o
 .bss.u8Ptr     0x0080018d        0x6 ./SWITCH/SWITCH.o
 .bss.Task      0x00800193        0x8 ./SCHEDULER/SCHEDULER.o
 .bss.u8x       0x0080019b        0x1 ./LCD/LCD.o
 .bss.u8y       0x0080019c        0x1 ./LCD/LCD.o
 .bss.u8LCDState
                0x0080019d        0x1 ./LCD/LCD.o
 .bss.LCD_Command_State.1265
                0x0080019e        0x1 ./LCD/LCD.o
 .bss.u8LCDwritetime.1264
                0x0080019f        0x1 ./LCD/LCD.o
 .bss.u8LCDinittime.1343
                0x008001a0        0x1 ./LCD/LCD.o
 .bss.u8LCD_init_state.1342
                0x008001a1        0x1 ./LCD/LCD.o
 .bss.LCD_Data_State.1425
                0x008001a2        0x1 ./LCD/LCD.o
 .bss.u8LCDdatatime.1424
                0x008001a3        0x1 ./LCD/LCD.o
 .bss.LCDy.1494
                0x008001a4        0x1 ./LCD/LCD.o
 .bss.LCDx.1493
                0x008001a5        0x1 ./LCD/LCD.o
 .bss.GPS_Status
                0x008001a6        0x1 ./GPS/GPS.o
 .bss.u8Counter.1290
                0x008001a7        0x1 ./GPS/GPS.o
 .bss.u8State.1289
                0x008001a8        0x1 ./GPS/GPS.o
 .bss.Data      0x008001a9       0x2b ./GPS/GPS.o
 .bss.message   0x008001d4       0x32 ./APP/APP.o
                0x008001d4                message
 *(COMMON)
 COMMON         0x00800206        0x1 ./SCHEDULER/SCHEDULER.o
                0x00800206                GPS_STATES
                0x00800207                PROVIDE (__bss_end, .)
                0x00002890                __data_load_start = LOADADDR (.data)
                0x000029b0                __data_load_end = (__data_load_start + SIZEOF (.data))

.noinit         0x00800207        0x0
                0x00800207                PROVIDE (__noinit_start, .)
 *(.noinit*)
                0x00800207                PROVIDE (__noinit_end, .)
                0x00800207                _end = .
                0x00800207                PROVIDE (__heap_start, .)

.eeprom         0x00810000        0x0
 *(.eeprom*)
                0x00810000                __eeprom_end = .

.fuse
 *(.fuse)
 *(.lfuse)
 *(.hfuse)
 *(.efuse)

.lock
 *(.lock*)

.signature
 *(.signature*)

.stab           0x00000000     0x3ec4
 *(.stab)
 .stab          0x00000000      0x63c ./UART/UART.o
 .stab          0x0000063c      0x3c0 ./TIMER/TIMER.o
                                0x3cc (size before relaxing)
 .stab          0x000009fc      0x33c ./TEMP_SENSOR/TEMP_SENSOR.o
                                0x348 (size before relaxing)
 .stab          0x00000d38      0x480 ./SWITCH/SWITCH.o
                                0x48c (size before relaxing)
 .stab          0x000011b8      0x234 ./SCHEDULER/SCHEDULER.o
                                0x240 (size before relaxing)
 .stab          0x000013ec      0xbe8 ./LCD/LCD.o
                                0xbf4 (size before relaxing)
 .stab          0x00001fd4      0x678 ./GSM/GSM.o
                                0x684 (size before relaxing)
 .stab          0x0000264c      0x828 ./GPS/GPS.o
                                0x834 (size before relaxing)
 .stab          0x00002e74      0x498 ./DIO/DIO.o
                                0x4a4 (size before relaxing)
 .stab          0x0000330c      0x75c ./APP/APP.o
                                0x768 (size before relaxing)
 .stab          0x00003a68      0x384 ./ADC/ADC.o
                                0x390 (size before relaxing)
 .stab          0x00003dec       0xd8 ./main.o
                                 0xe4 (size before relaxing)

.stabstr        0x00000000     0x25d2
 *(.stabstr)
 .stabstr       0x00000000     0x25d2 ./UART/UART.o

.stab.excl
 *(.stab.excl)

.stab.exclstr
 *(.stab.exclstr)

.stab.index
 *(.stab.index)

.stab.indexstr
 *(.stab.indexstr)

.comment
 *(.comment)

.debug
 *(.debug)

.line
 *(.line)

.debug_srcinfo
 *(.debug_srcinfo)

.debug_sfnames
 *(.debug_sfnames)

.debug_aranges
 *(.debug_aranges)

.debug_pubnames
 *(.debug_pubnames)

.debug_info
 *(.debug_info)
 *(.gnu.linkonce.wi.*)

.debug_abbrev
 *(.debug_abbrev)

.debug_line
 *(.debug_line)

.debug_frame
 *(.debug_frame)

.debug_str
 *(.debug_str)

.debug_loc
 *(.debug_loc)

.debug_macinfo
 *(.debug_macinfo)
OUTPUT(FinalProjectBACKUP.elf elf32-avr)
LOAD linker stubs
