Archive member included because of file (symbol)

c:/winavr-20100110/bin/../lib/gcc/avr/4.3.3/avr5\libgcc.a(_mulsi3.o)
                              ./TEMP_SENSOR/TEMP_SENSOR.o (__mulsi3)
c:/winavr-20100110/bin/../lib/gcc/avr/4.3.3/avr5\libgcc.a(_udivmodqi4.o)
                              ./APP/APP.o (__udivmodqi4)
c:/winavr-20100110/bin/../lib/gcc/avr/4.3.3/avr5\libgcc.a(_udivmodhi4.o)
                              ./TEMP_SENSOR/TEMP_SENSOR.o (__udivmodhi4)
c:/winavr-20100110/bin/../lib/gcc/avr/4.3.3/avr5\libgcc.a(_divmodhi4.o)
                              ./APP/APP.o (__divmodhi4)
c:/winavr-20100110/bin/../lib/gcc/avr/4.3.3/avr5\libgcc.a(_udivmodsi4.o)
                              ./UART/UART.o (__udivmodsi4)
c:/winavr-20100110/bin/../lib/gcc/avr/4.3.3/avr5\libgcc.a(_exit.o)
                              c:/winavr-20100110/bin/../lib/gcc/avr/4.3.3/../../../../avr/lib/avr5/crtm32.o (exit)
c:/winavr-20100110/bin/../lib/gcc/avr/4.3.3/avr5\libgcc.a(_copy_data.o)
                              ./SWITCH/SWITCH.o (__do_copy_data)
c:/winavr-20100110/bin/../lib/gcc/avr/4.3.3/avr5\libgcc.a(_clear_bss.o)
                              ./UART/UART.o (__do_clear_bss)

Allocating common symbols
Common symbol       size              file

x                   0x14              ./APP/APP.o
GPS_STATES          0x1               ./SCHEDULER/SCHEDULER.o

Memory Configuration

Name             Origin             Length             Attributes
text             0x00000000         0x00020000         xr
data             0x00800060         0x0000ffa0         rw !x
eeprom           0x00810000         0x00010000         rw !x
fuse             0x00820000         0x00000400         rw !x
lock             0x00830000         0x00000400         rw !x
signature        0x00840000         0x00000400         rw !x
*default*        0x00000000         0xffffffff

Linker script and memory map

LOAD c:/winavr-20100110/bin/../lib/gcc/avr/4.3.3/../../../../avr/lib/avr5/crtm32.o
LOAD ./UART/UART.o
LOAD ./TIMER/TIMER.o
LOAD ./TEMP_SENSOR/TEMP_SENSOR.o
LOAD ./SWITCH/SWITCH.o
LOAD ./SCHEDULER/SCHEDULER.o
LOAD ./LCD/LCD.o
LOAD ./GSM/GSM.o
LOAD ./GPS/GPS.o
LOAD ./DIO/DIO.o
LOAD ./APP/APP.o
LOAD ./ADC/ADC.o
LOAD ./main.o
LOAD c:/winavr-20100110/bin/../lib/gcc/avr/4.3.3/avr5\libgcc.a
LOAD c:/winavr-20100110/bin/../lib/gcc/avr/4.3.3/../../../../avr/lib/avr5\libc.a
LOAD c:/winavr-20100110/bin/../lib/gcc/avr/4.3.3/avr5\libgcc.a

.hash
 *(.hash)

.dynsym
 *(.dynsym)

.dynstr
 *(.dynstr)

.gnu.version
 *(.gnu.version)

.gnu.version_d
 *(.gnu.version_d)

.gnu.version_r
 *(.gnu.version_r)

.rel.init
 *(.rel.init)

.rela.init
 *(.rela.init)

.rel.text
 *(.rel.text)
 *(.rel.text.*)
 *(.rel.gnu.linkonce.t*)

.rela.text
 *(.rela.text)
 *(.rela.text.*)
 *(.rela.gnu.linkonce.t*)

.rel.fini
 *(.rel.fini)

.rela.fini
 *(.rela.fini)

.rel.rodata
 *(.rel.rodata)
 *(.rel.rodata.*)
 *(.rel.gnu.linkonce.r*)

.rela.rodata
 *(.rela.rodata)
 *(.rela.rodata.*)
 *(.rela.gnu.linkonce.r*)

.rel.data
 *(.rel.data)
 *(.rel.data.*)
 *(.rel.gnu.linkonce.d*)

.rela.data
 *(.rela.data)
 *(.rela.data.*)
 *(.rela.gnu.linkonce.d*)

.rel.ctors
 *(.rel.ctors)

.rela.ctors
 *(.rela.ctors)

.rel.dtors
 *(.rel.dtors)

.rela.dtors
 *(.rela.dtors)

.rel.got
 *(.rel.got)

.rela.got
 *(.rela.got)

.rel.bss
 *(.rel.bss)

.rela.bss
 *(.rela.bss)

.rel.plt
 *(.rel.plt)

.rela.plt
 *(.rela.plt)

.text           0x00000000     0x2b7e
 *(.vectors)
 .vectors       0x00000000       0x54 c:/winavr-20100110/bin/../lib/gcc/avr/4.3.3/../../../../avr/lib/avr5/crtm32.o
                0x00000000                __vectors
                0x00000000                __vector_default
 *(.vectors)
 *(.progmem.gcc*)
 *(.progmem*)
                0x00000054                . = ALIGN (0x2)
                0x00000054                __trampolines_start = .
 *(.trampolines)
 .trampolines   0x00000054        0x0 linker stubs
 *(.trampolines*)
                0x00000054                __trampolines_end = .
 *(.jumptables)
 *(.jumptables*)
 *(.lowtext)
 *(.lowtext*)
                0x00000054                __ctors_start = .
 *(.ctors)
                0x00000054                __ctors_end = .
                0x00000054                __dtors_start = .
 *(.dtors)
                0x00000054                __dtors_end = .
 SORT(*)(.ctors)
 SORT(*)(.dtors)
 *(.init0)
 .init0         0x00000054        0x0 c:/winavr-20100110/bin/../lib/gcc/avr/4.3.3/../../../../avr/lib/avr5/crtm32.o
                0x00000054                __init
 *(.init0)
 *(.init1)
 *(.init1)
 *(.init2)
 .init2         0x00000054        0xc c:/winavr-20100110/bin/../lib/gcc/avr/4.3.3/../../../../avr/lib/avr5/crtm32.o
 *(.init2)
 *(.init3)
 *(.init3)
 *(.init4)
 .init4         0x00000060       0x16 c:/winavr-20100110/bin/../lib/gcc/avr/4.3.3/avr5\libgcc.a(_copy_data.o)
                0x00000060                __do_copy_data
 .init4         0x00000076       0x10 c:/winavr-20100110/bin/../lib/gcc/avr/4.3.3/avr5\libgcc.a(_clear_bss.o)
                0x00000076                __do_clear_bss
 *(.init4)
 *(.init5)
 *(.init5)
 *(.init6)
 *(.init6)
 *(.init7)
 *(.init7)
 *(.init8)
 *(.init8)
 *(.init9)
 .init9         0x00000086        0x8 c:/winavr-20100110/bin/../lib/gcc/avr/4.3.3/../../../../avr/lib/avr5/crtm32.o
 *(.init9)
 *(.text)
 .text          0x0000008e        0x4 c:/winavr-20100110/bin/../lib/gcc/avr/4.3.3/../../../../avr/lib/avr5/crtm32.o
                0x0000008e                __vector_1
                0x0000008e                __vector_12
                0x0000008e                __bad_interrupt
                0x0000008e                __vector_6
                0x0000008e                __vector_3
                0x0000008e                __vector_11
                0x0000008e                __vector_13
                0x0000008e                __vector_17
                0x0000008e                __vector_19
                0x0000008e                __vector_7
                0x0000008e                __vector_5
                0x0000008e                __vector_4
                0x0000008e                __vector_9
                0x0000008e                __vector_2
                0x0000008e                __vector_15
                0x0000008e                __vector_8
                0x0000008e                __vector_14
                0x0000008e                __vector_16
                0x0000008e                __vector_18
                0x0000008e                __vector_20
 .text          0x00000092        0x0 ./UART/UART.o
 .text          0x00000092        0x0 ./TIMER/TIMER.o
 .text          0x00000092        0x0 ./TEMP_SENSOR/TEMP_SENSOR.o
 .text          0x00000092        0x0 ./SWITCH/SWITCH.o
 .text          0x00000092        0x0 ./SCHEDULER/SCHEDULER.o
 .text          0x00000092        0x0 ./LCD/LCD.o
 .text          0x00000092        0x0 ./GSM/GSM.o
 .text          0x00000092        0x0 ./GPS/GPS.o
 .text          0x00000092        0x0 ./DIO/DIO.o
 .text          0x00000092        0x0 ./APP/APP.o
 .text          0x00000092        0x0 ./ADC/ADC.o
 .text          0x00000092        0x0 ./main.o
 .text          0x00000092        0x0 c:/winavr-20100110/bin/../lib/gcc/avr/4.3.3/avr5\libgcc.a(_mulsi3.o)
 .text          0x00000092        0x0 c:/winavr-20100110/bin/../lib/gcc/avr/4.3.3/avr5\libgcc.a(_udivmodqi4.o)
 .text          0x00000092        0x0 c:/winavr-20100110/bin/../lib/gcc/avr/4.3.3/avr5\libgcc.a(_udivmodhi4.o)
 .text          0x00000092        0x0 c:/winavr-20100110/bin/../lib/gcc/avr/4.3.3/avr5\libgcc.a(_divmodhi4.o)
 .text          0x00000092        0x0 c:/winavr-20100110/bin/../lib/gcc/avr/4.3.3/avr5\libgcc.a(_udivmodsi4.o)
 .text          0x00000092        0x0 c:/winavr-20100110/bin/../lib/gcc/avr/4.3.3/avr5\libgcc.a(_exit.o)
 .text          0x00000092        0x0 c:/winavr-20100110/bin/../lib/gcc/avr/4.3.3/avr5\libgcc.a(_copy_data.o)
 .text          0x00000092        0x0 c:/winavr-20100110/bin/../lib/gcc/avr/4.3.3/avr5\libgcc.a(_clear_bss.o)
                0x00000092                . = ALIGN (0x2)
 *(.text.*)
 .text.UART_vidInit
                0x00000092       0x58 ./UART/UART.o
                0x00000092                UART_vidInit
 .text.UART_vidSendChar
                0x000000ea       0x2e ./UART/UART.o
                0x000000ea                UART_vidSendChar
 .text.UART_u8RecieveChar
                0x00000118       0x1e ./UART/UART.o
                0x00000118                UART_u8RecieveChar
 .text.UART_u8DataReady
                0x00000136       0x16 ./UART/UART.o
                0x00000136                UART_u8DataReady
 .text.UART_u8GetUdr
                0x0000014c       0x14 ./UART/UART.o
                0x0000014c                UART_u8GetUdr
 .text.UART_vidSendString
                0x00000160       0x48 ./UART/UART.o
                0x00000160                UART_vidSendString
 .text.UART_vidSendStringConfirmed
                0x000001a8       0x5e ./UART/UART.o
                0x000001a8                UART_vidSendStringConfirmed
 .text.UART_vidRecieveString
                0x00000206       0xb0 ./UART/UART.o
                0x00000206                UART_vidRecieveString
 .text._Debug   0x000002b6       0x62 ./UART/UART.o
                0x000002b6                _Debug
 .text._Debug_value
                0x00000318      0x16c ./UART/UART.o
                0x00000318                _Debug_value
 .text.updatetime
                0x00000484       0x40 ./TIMER/TIMER.o
                0x00000484                updatetime
 .text.millis   0x000004c4       0x22 ./TIMER/TIMER.o
                0x000004c4                millis
 .text._wait    0x000004e6       0x58 ./TIMER/TIMER.o
                0x000004e6                _wait
 .text.TIMER_vidInit
                0x0000053e       0x26 ./TIMER/TIMER.o
                0x0000053e                TIMER_vidInit
 .text._delay_ms
                0x00000564       0xc8 ./TIMER/TIMER.o
                0x00000564                _delay_ms
 .text.TEMP_SENSOR_vidInit
                0x0000062c       0x1e ./TEMP_SENSOR/TEMP_SENSOR.o
                0x0000062c                TEMP_SENSOR_vidInit
 .text.TEMP_SENSOR_u16GetData
                0x0000064a       0xda ./TEMP_SENSOR/TEMP_SENSOR.o
                0x0000064a                TEMP_SENSOR_u16GetData
 .text.SW_vidInit
                0x00000724        0xe ./SWITCH/SWITCH.o
                0x00000724                SW_vidInit
 .text.SW_u8AddPBN
                0x00000732       0x92 ./SWITCH/SWITCH.o
                0x00000732                SW_u8AddPBN
 .text.SW_vidTask
                0x000007c4      0x1c2 ./SWITCH/SWITCH.o
                0x000007c4                SW_vidTask
 .text.SW_u8Read
                0x00000986       0x5e ./SWITCH/SWITCH.o
                0x00000986                SW_u8Read
 .text.SCHEDULER_vidInit
                0x000009e4       0x48 ./SCHEDULER/SCHEDULER.o
                0x000009e4                SCHEDULER_vidInit
 .text.LCD_u8WriteCommand
                0x00000a2c      0x25a ./LCD/LCD.o
 .text.LCD_u8Init
                0x00000c86      0x222 ./LCD/LCD.o
 .text.LCD_u8WriteData
                0x00000ea8      0x1b4 ./LCD/LCD.o
 .text.LCD_u8GotoXY
                0x0000105c       0x54 ./LCD/LCD.o
 .text.LCD_vidTask
                0x000010b0      0x116 ./LCD/LCD.o
                0x000010b0                LCD_vidTask
 .text.LCD_vidGotoXY
                0x000011c6       0x24 ./LCD/LCD.o
                0x000011c6                LCD_vidGotoXY
 .text.LCD_vidWrite
                0x000011ea       0x90 ./LCD/LCD.o
                0x000011ea                LCD_vidWrite
 .text.LCD_vidInit
                0x0000127a       0x14 ./LCD/LCD.o
                0x0000127a                LCD_vidInit
 .text.LCD_vidString
                0x0000128e       0x52 ./LCD/LCD.o
                0x0000128e                LCD_vidString
 .text.LCD_vidClear
                0x000012e0       0x68 ./LCD/LCD.o
                0x000012e0                LCD_vidClear
 .text.Str_Compare
                0x00001348       0xb2 ./GSM/GSM.o
 .text.GSM_vidRecieveString
                0x000013fa       0xd2 ./GSM/GSM.o
 .text.GSMsend_to_modem
                0x000014cc       0xae ./GSM/GSM.o
                0x000014cc                GSMsend_to_modem
 .text.GSM_vidInit
                0x0000157a       0x2e ./GSM/GSM.o
                0x0000157a                GSM_vidInit
 .text.GSM_u8Startup
                0x000015a8       0x64 ./GSM/GSM.o
                0x000015a8                GSM_u8Startup
 .text.GSM_vidSendSMS
                0x0000160c      0x1aa ./GSM/GSM.o
                0x0000160c                GSM_vidSendSMS
 .text.GSM_vidSelect
                0x000017b6       0x16 ./GSM/GSM.o
                0x000017b6                GSM_vidSelect
 .text.GPS_vidInit
                0x000017cc       0x2a ./GPS/GPS.o
                0x000017cc                GPS_vidInit
 .text.GPS_vidTask
                0x000017f6      0x26c ./GPS/GPS.o
                0x000017f6                GPS_vidTask
 .text.GPS_u8GetData
                0x00001a62       0x7c ./GPS/GPS.o
                0x00001a62                GPS_u8GetData
 .text.GPS_u8GetTime
                0x00001ade       0x50 ./GPS/GPS.o
                0x00001ade                GPS_u8GetTime
 .text.GPS_u8GetLat
                0x00001b2e       0x50 ./GPS/GPS.o
                0x00001b2e                GPS_u8GetLat
 .text.GPS_u8GetLon
                0x00001b7e       0x50 ./GPS/GPS.o
                0x00001b7e                GPS_u8GetLon
 .text.GPS_GetStatus
                0x00001bce       0x12 ./GPS/GPS.o
                0x00001bce                GPS_GetStatus
 .text.GPS_vidUpdate
                0x00001be0       0x12 ./GPS/GPS.o
                0x00001be0                GPS_vidUpdate
 .text.GPS_READ
                0x00001bf2       0x84 ./GPS/GPS.o
                0x00001bf2                GPS_READ
 .text.GPS_vidDisAttach
                0x00001c76       0x12 ./GPS/GPS.o
                0x00001c76                GPS_vidDisAttach
 .text.GPS_vidSelect
                0x00001c88       0x16 ./GPS/GPS.o
                0x00001c88                GPS_vidSelect
 .text.DIO_vidInit
                0x00001c9e        0xe ./DIO/DIO.o
                0x00001c9e                DIO_vidInit
 .text.DIO_u8SetPinDir
                0x00001cac      0x338 ./DIO/DIO.o
                0x00001cac                DIO_u8SetPinDir
 .text.DIO_u8WritePin
                0x00001fe4      0x1e0 ./DIO/DIO.o
                0x00001fe4                DIO_u8WritePin
 .text.DIO_u8ReadPin
                0x000021c4      0x116 ./DIO/DIO.o
                0x000021c4                DIO_u8ReadPin
 .text.str_concat
                0x000022da       0xa6 ./APP/APP.o
 .text.main     0x00002380      0x592 ./APP/APP.o
                0x00002380                main
 .text.__vector_10
                0x00002912       0x72 ./APP/APP.o
                0x00002912                __vector_10
 .text.ADC_vidInit
                0x00002984       0x2a ./ADC/ADC.o
                0x00002984                ADC_vidInit
 .text.ADC_Select
                0x000029ae       0x28 ./ADC/ADC.o
                0x000029ae                ADC_Select
 .text.ADC_vidStartConversion
                0x000029d6       0x1c ./ADC/ADC.o
                0x000029d6                ADC_vidStartConversion
 .text.ADC_u8ConvFinshed
                0x000029f2       0x1a ./ADC/ADC.o
                0x000029f2                ADC_u8ConvFinshed
 .text.ADC_u16GetData
                0x00002a0c       0x5c ./ADC/ADC.o
                0x00002a0c                ADC_u16GetData
 .text.ADC_u16Read
                0x00002a68       0x2a ./ADC/ADC.o
                0x00002a68                ADC_u16Read
 .text.libgcc   0x00002a92       0x3e c:/winavr-20100110/bin/../lib/gcc/avr/4.3.3/avr5\libgcc.a(_mulsi3.o)
                0x00002a92                __mulsi3
 .text.libgcc   0x00002ad0       0x18 c:/winavr-20100110/bin/../lib/gcc/avr/4.3.3/avr5\libgcc.a(_udivmodqi4.o)
                0x00002ad0                __udivmodqi4
 .text.libgcc   0x00002ae8       0x28 c:/winavr-20100110/bin/../lib/gcc/avr/4.3.3/avr5\libgcc.a(_udivmodhi4.o)
                0x00002ae8                __udivmodhi4
 .text.libgcc   0x00002b10       0x26 c:/winavr-20100110/bin/../lib/gcc/avr/4.3.3/avr5\libgcc.a(_divmodhi4.o)
                0x00002b10                __divmodhi4
                0x00002b10                _div
 .text.libgcc   0x00002b36       0x44 c:/winavr-20100110/bin/../lib/gcc/avr/4.3.3/avr5\libgcc.a(_udivmodsi4.o)
                0x00002b36                __udivmodsi4
 .text.libgcc   0x00002b7a        0x0 c:/winavr-20100110/bin/../lib/gcc/avr/4.3.3/avr5\libgcc.a(_exit.o)
 .text.libgcc   0x00002b7a        0x0 c:/winavr-20100110/bin/../lib/gcc/avr/4.3.3/avr5\libgcc.a(_copy_data.o)
 .text.libgcc   0x00002b7a        0x0 c:/winavr-20100110/bin/../lib/gcc/avr/4.3.3/avr5\libgcc.a(_clear_bss.o)
                0x00002b7a                . = ALIGN (0x2)
 *(.fini9)
 .fini9         0x00002b7a        0x0 c:/winavr-20100110/bin/../lib/gcc/avr/4.3.3/avr5\libgcc.a(_exit.o)
                0x00002b7a                exit
                0x00002b7a                _exit
 *(.fini9)
 *(.fini8)
 *(.fini8)
 *(.fini7)
 *(.fini7)
 *(.fini6)
 *(.fini6)
 *(.fini5)
 *(.fini5)
 *(.fini4)
 *(.fini4)
 *(.fini3)
 *(.fini3)
 *(.fini2)
 *(.fini2)
 *(.fini1)
 *(.fini1)
 *(.fini0)
 .fini0         0x00002b7a        0x4 c:/winavr-20100110/bin/../lib/gcc/avr/4.3.3/avr5\libgcc.a(_exit.o)
 *(.fini0)
                0x00002b7e                _etext = .

.data           0x00800060       0xd6 load address 0x00002b7e
                0x00800060                PROVIDE (__data_start, .)
 *(.data)
 .data          0x00800060        0x0 c:/winavr-20100110/bin/../lib/gcc/avr/4.3.3/../../../../avr/lib/avr5/crtm32.o
 .data          0x00800060        0x0 ./UART/UART.o
 .data          0x00800060        0x0 ./TIMER/TIMER.o
 .data          0x00800060        0x0 ./TEMP_SENSOR/TEMP_SENSOR.o
 .data          0x00800060        0x0 ./SWITCH/SWITCH.o
 .data          0x00800060        0x0 ./SCHEDULER/SCHEDULER.o
 .data          0x00800060        0x0 ./LCD/LCD.o
 .data          0x00800060       0x14 ./GSM/GSM.o
 .data          0x00800074        0x0 ./GPS/GPS.o
 .data          0x00800074        0x0 ./DIO/DIO.o
 .data          0x00800074       0x4b ./APP/APP.o
 .data          0x008000bf        0x0 ./ADC/ADC.o
 .data          0x008000bf        0x0 ./main.o
 .data          0x008000bf        0x0 c:/winavr-20100110/bin/../lib/gcc/avr/4.3.3/avr5\libgcc.a(_mulsi3.o)
 .data          0x008000bf        0x0 c:/winavr-20100110/bin/../lib/gcc/avr/4.3.3/avr5\libgcc.a(_udivmodqi4.o)
 .data          0x008000bf        0x0 c:/winavr-20100110/bin/../lib/gcc/avr/4.3.3/avr5\libgcc.a(_udivmodhi4.o)
 .data          0x008000bf        0x0 c:/winavr-20100110/bin/../lib/gcc/avr/4.3.3/avr5\libgcc.a(_divmodhi4.o)
 .data          0x008000bf        0x0 c:/winavr-20100110/bin/../lib/gcc/avr/4.3.3/avr5\libgcc.a(_udivmodsi4.o)
 .data          0x008000bf        0x0 c:/winavr-20100110/bin/../lib/gcc/avr/4.3.3/avr5\libgcc.a(_exit.o)
 .data          0x008000bf        0x0 c:/winavr-20100110/bin/../lib/gcc/avr/4.3.3/avr5\libgcc.a(_copy_data.o)
 .data          0x008000bf        0x0 c:/winavr-20100110/bin/../lib/gcc/avr/4.3.3/avr5\libgcc.a(_clear_bss.o)
 *(.data*)
 .data.PBN_state
                0x008000bf        0x3 ./SWITCH/SWITCH.o
 .data.LCD_LINE
                0x008000c2       0x22 ./LCD/LCD.o
 .data.AT       0x008000e4        0x4 ./GSM/GSM.o
 .data.OK       0x008000e8        0x5 ./GSM/GSM.o
 .data.Text_Mode
                0x008000ed        0xb ./GSM/GSM.o
 .data.Terminator
                0x008000f8        0x1 ./GSM/GSM.o
 .data.GPGGA.1291
                0x008000f9        0x8 ./GPS/GPS.o
 .data.mobile_number
                0x00800101       0x2d ./APP/APP.o
                0x00800101                mobile_number
 .data.fun      0x0080012e        0x4 ./APP/APP.o
                0x0080012e                fun
 *(.rodata)
 *(.rodata*)
 .rodata.C.0.1378
                0x00800132        0x3 ./APP/APP.o
 *(.gnu.linkonce.d*)
                0x00800136                . = ALIGN (0x2)
 *fill*         0x00800135        0x1 00
                0x00800136                _edata = .
                0x00800136                PROVIDE (__data_end, .)

.bss            0x00800136       0x67
                0x00800136                PROVIDE (__bss_start, .)
 *(.bss)
 .bss           0x00800136        0x0 c:/winavr-20100110/bin/../lib/gcc/avr/4.3.3/../../../../avr/lib/avr5/crtm32.o
 .bss           0x00800136        0x0 ./UART/UART.o
 .bss           0x00800136        0x0 ./TIMER/TIMER.o
 .bss           0x00800136        0x0 ./TEMP_SENSOR/TEMP_SENSOR.o
 .bss           0x00800136        0x0 ./SWITCH/SWITCH.o
 .bss           0x00800136        0x0 ./SCHEDULER/SCHEDULER.o
 .bss           0x00800136        0x0 ./LCD/LCD.o
 .bss           0x00800136        0x0 ./GSM/GSM.o
 .bss           0x00800136        0x0 ./GPS/GPS.o
 .bss           0x00800136        0x0 ./DIO/DIO.o
 .bss           0x00800136        0x0 ./APP/APP.o
 .bss           0x00800136        0x0 ./ADC/ADC.o
 .bss           0x00800136        0x0 ./main.o
 .bss           0x00800136        0x0 c:/winavr-20100110/bin/../lib/gcc/avr/4.3.3/avr5\libgcc.a(_mulsi3.o)
 .bss           0x00800136        0x0 c:/winavr-20100110/bin/../lib/gcc/avr/4.3.3/avr5\libgcc.a(_udivmodqi4.o)
 .bss           0x00800136        0x0 c:/winavr-20100110/bin/../lib/gcc/avr/4.3.3/avr5\libgcc.a(_udivmodhi4.o)
 .bss           0x00800136        0x0 c:/winavr-20100110/bin/../lib/gcc/avr/4.3.3/avr5\libgcc.a(_divmodhi4.o)
 .bss           0x00800136        0x0 c:/winavr-20100110/bin/../lib/gcc/avr/4.3.3/avr5\libgcc.a(_udivmodsi4.o)
 .bss           0x00800136        0x0 c:/winavr-20100110/bin/../lib/gcc/avr/4.3.3/avr5\libgcc.a(_exit.o)
 .bss           0x00800136        0x0 c:/winavr-20100110/bin/../lib/gcc/avr/4.3.3/avr5\libgcc.a(_copy_data.o)
 .bss           0x00800136        0x0 c:/winavr-20100110/bin/../lib/gcc/avr/4.3.3/avr5\libgcc.a(_clear_bss.o)
 *(.bss*)
 .bss.UART_INIT
                0x00800136        0x1 ./UART/UART.o
 .bss.time      0x00800137        0x4 ./TIMER/TIMER.o
 .bss.d         0x0080013b        0x4 ./TIMER/TIMER.o
 .bss.PBN       0x0080013f        0x3 ./SWITCH/SWITCH.o
 .bss.u8Count   0x00800142        0x1 ./SWITCH/SWITCH.o
 .bss.u8i.1290  0x00800143        0x1 ./SWITCH/SWITCH.o
 .bss.counter.1289
                0x00800144        0x3 ./SWITCH/SWITCH.o
 .bss.Task      0x00800147        0x8 ./SCHEDULER/SCHEDULER.o
 .bss.u8x       0x0080014f        0x1 ./LCD/LCD.o
 .bss.u8y       0x00800150        0x1 ./LCD/LCD.o
 .bss.u8LCDState
                0x00800151        0x1 ./LCD/LCD.o
 .bss.LCD_Command_State.1265
                0x00800152        0x1 ./LCD/LCD.o
 .bss.u8LCDwritetime.1264
                0x00800153        0x1 ./LCD/LCD.o
 .bss.u8LCDinittime.1343
                0x00800154        0x1 ./LCD/LCD.o
 .bss.u8LCD_init_state.1342
                0x00800155        0x1 ./LCD/LCD.o
 .bss.LCD_Data_State.1425
                0x00800156        0x1 ./LCD/LCD.o
 .bss.u8LCDdatatime.1424
                0x00800157        0x1 ./LCD/LCD.o
 .bss.LCDy.1494
                0x00800158        0x1 ./LCD/LCD.o
 .bss.LCDx.1493
                0x00800159        0x1 ./LCD/LCD.o
 .bss.GPS_Status
                0x0080015a        0x1 ./GPS/GPS.o
 .bss.u8Counter.1290
                0x0080015b        0x1 ./GPS/GPS.o
 .bss.u8State.1289
                0x0080015c        0x1 ./GPS/GPS.o
 .bss.Data      0x0080015d       0x2b ./GPS/GPS.o
 *(COMMON)
 COMMON         0x00800188        0x1 ./SCHEDULER/SCHEDULER.o
                0x00800188                GPS_STATES
 COMMON         0x00800189       0x14 ./APP/APP.o
                0x00800189                x
                0x0080019d                PROVIDE (__bss_end, .)
                0x00002b7e                __data_load_start = LOADADDR (.data)
                0x00002c54                __data_load_end = (__data_load_start + SIZEOF (.data))

.noinit         0x0080019d        0x0
                0x0080019d                PROVIDE (__noinit_start, .)
 *(.noinit*)
                0x0080019d                PROVIDE (__noinit_end, .)
                0x0080019d                _end = .
                0x0080019d                PROVIDE (__heap_start, .)

.eeprom         0x00810000        0x0
 *(.eeprom*)
                0x00810000                __eeprom_end = .

.fuse
 *(.fuse)
 *(.lfuse)
 *(.hfuse)
 *(.efuse)

.lock
 *(.lock*)

.signature
 *(.signature*)

.stab           0x00000000     0x3dec
 *(.stab)
 .stab          0x00000000      0x63c ./UART/UART.o
 .stab          0x0000063c      0x3c0 ./TIMER/TIMER.o
                                0x3cc (size before relaxing)
 .stab          0x000009fc      0x33c ./TEMP_SENSOR/TEMP_SENSOR.o
                                0x348 (size before relaxing)
 .stab          0x00000d38      0x51c ./SWITCH/SWITCH.o
                                0x528 (size before relaxing)
 .stab          0x00001254      0x234 ./SCHEDULER/SCHEDULER.o
                                0x240 (size before relaxing)
 .stab          0x00001488      0xbe8 ./LCD/LCD.o
                                0xbf4 (size before relaxing)
 .stab          0x00002070      0x678 ./GSM/GSM.o
                                0x684 (size before relaxing)
 .stab          0x000026e8      0x828 ./GPS/GPS.o
                                0x834 (size before relaxing)
 .stab          0x00002f10      0x498 ./DIO/DIO.o
                                0x4a4 (size before relaxing)
 .stab          0x000033a8      0x5e8 ./APP/APP.o
                                0x5f4 (size before relaxing)
 .stab          0x00003990      0x384 ./ADC/ADC.o
                                0x390 (size before relaxing)
 .stab          0x00003d14       0xd8 ./main.o
                                 0xe4 (size before relaxing)

.stabstr        0x00000000     0x25da
 *(.stabstr)
 .stabstr       0x00000000     0x25da ./UART/UART.o

.stab.excl
 *(.stab.excl)

.stab.exclstr
 *(.stab.exclstr)

.stab.index
 *(.stab.index)

.stab.indexstr
 *(.stab.indexstr)

.comment
 *(.comment)

.debug
 *(.debug)

.line
 *(.line)

.debug_srcinfo
 *(.debug_srcinfo)

.debug_sfnames
 *(.debug_sfnames)

.debug_aranges
 *(.debug_aranges)

.debug_pubnames
 *(.debug_pubnames)

.debug_info
 *(.debug_info)
 *(.gnu.linkonce.wi.*)

.debug_abbrev
 *(.debug_abbrev)

.debug_line
 *(.debug_line)

.debug_frame
 *(.debug_frame)

.debug_str
 *(.debug_str)

.debug_loc
 *(.debug_loc)

.debug_macinfo
 *(.debug_macinfo)
OUTPUT(FinalProject.elf elf32-avr)
LOAD linker stubs
